value   evaluated   cache    status
%c2     2           —        completed
%c3     3           —        completed
%two    2           —        completed
%three  3           —        completed
%c5     5           —        completed
%a      5           miss     completed
%b      5           hit      completed
%c      10          miss     completed
%d      10          hit      completed
%e      2           miss     completed
%f      2           hit      completed
