value   evaluated   cache    status
%c2     2           —        completed
%c3     3           —        completed
%two    2           —        completed
%a      5           miss     completed
%b      5           hit      completed
%c      6           miss     completed
%d      6           hit      completed
%e      1           miss     completed
%f      -1          miss     completed
%g      0           miss     completed
%h      0           hit      completed
