value   evaluated   cache    status
%c2     2           —        completed
%c3     3           —        completed
%c4     4           —        completed
%c2_i64 2           —        completed
%c3_i64 3           —        completed
%a      5           miss     completed
%b      6           miss     completed
%c      6           miss     completed
%d      5           miss     completed
%e      5           miss     completed
%f      5           hit      completed
