value   evaluated   cache    status
%c0     0           —        completed
%zero   0           —        completed
%c7     7           —        completed
%c9     9           —        completed
%p      0           miss     completed
%q      0           hit      completed
%r      0           hit      completed
%s      —           miss     exhausted
