value   evaluated   cache    status
%c1     1           —        completed
%c2     2           —        completed
%c3     3           —        completed
%c4     4           —        completed
%u      unknown     —        completed
%a      unknown     miss     completed
%b      unknown     miss     completed
%s      3           miss     completed
%h      3           hit      completed
%e      —           miss     exhausted
%t      7           miss     completed
%f      —           —        exhausted
